gcc -g p7final.c
îº§ gdb a.out
GNU gdb (Ubuntu 8.1.1-0ubuntu1) 8.1.1
Copyright (C) 2018 Free Software Foundation, Inc.
License GPLv3+: GNU GPL version 3 or later <http://gnu.org/licenses/gpl.html>
This is free software: you are free to change and redistribute it.
There is NO WARRANTY, to the extent permitted by law.  Type "show copying"
and "show warranty" for details.
This GDB was configured as "x86_64-linux-gnu".
Type "show configuration" for configuration details.
For bug reporting instructions, please see:
<http://www.gnu.org/software/gdb/bugs/>.
Find the GDB manual and other documentation resources online at:
<http://www.gnu.org/software/gdb/documentation/>.
For help, type "help".
Type "apropos word" to search for commands related to "word"...
Reading symbols from a.out...done.
(gdb) b main
Breakpoint 1 at 0x772: file p7final.c, line 9.
(gdb) r
Starting program: /home/runner/IA1-Revision/a.out 
warning: Error disabling address space randomization: Operation not permitted

Breakpoint 1, main () at p7final.c:9
9   int main() {
(gdb) n
12      printf("For 1st complex number \n");
(gdb) n
For 1st complex number 
13      printf("Enter the real and imaginary parts: ");
(gdb) n
14      scanf("%f %f", &n1.real, &n1.imag);
(gdb) n
Enter the real and imaginary parts: 3
n
15      printf("\nFor 2nd complex number \n");
(gdb) n

For 2nd complex number 
16      printf("Enter the real and imaginary parts: ");
(gdb) n
17      scanf("%f %f", &n2.real, &n2.imag);
(gdb) n
Enter the real and imaginary parts: 3
n
19      result = add(n1, n2);
(gdb) s
add (n1=..., n2=...) at p7final.c:27
27      temp.real = n1.real + n2.real;
(gdb) n
28      temp.imag = n1.imag + n2.imag;
(gdb) n
29      return (temp);
(gdb) n
30  }(gdb) c
Continuing.
Sum = 6.0 + 0.0i[Inferior 1 (process 43) exited normally]
(gdb) 